<html>
<body>
<pre>
<h1>µVision Build Log</h1>
<h2>Tool Versions:</h2>
IDE-Version: ¦ÌVision V5.43.1.0
Copyright (C) 2025 ARM Ltd and ARM Germany GmbH. All rights reserved.
License Information: 1 ZHOU, 1, LIC=65ISZ-JF88B-WFHI7-EGL6D-9AMNL-A6DCU
 
Tool Versions:
Toolchain:       MDK-ARM Plus  Version: 5.43.0.0
Toolchain Path:  D:\ASC\KeilMDK5.43a\Keil uVision5\ARM\ARMCLANG\Bin
C Compiler:      ArmClang.exe V6.24
Assembler:       Armasm.exe V6.24
Linker/Locator:  ArmLink.exe V6.24
Library Manager: ArmAr.exe V6.24
Hex Converter:   FromElf.exe V6.24
CPU DLL:         SARMCM3.DLL V5.43.0.0
Dialog DLL:      DCM.DLL V1.17.5.0
Target DLL:      CMSIS_AGDI.dll V1.33.24.0
Dialog DLL:      TCM.DLL V1.56.6.0
 
<h2>Project:</h2>
D:\ASC\KeilMDK5.43a\RT1064_Library-master\SeekFree_RT1064_Opensource_Library\project\mdk\rt1064.uvprojx
Project File Date:  01/27/2026

<h2>Output:</h2>
*** Using Compiler 'V6.24', folder: 'D:\ASC\KeilMDK5.43a\Keil uVision5\ARM\ARMCLANG\Bin'
Build target 'nor_sdram_zf_dtcm'
compiling main.c...
linking...
Program Size: Code=74888 RO-data=14668 RW-data=252 ZI-data=16052  
".\Objects\rt1064.axf" - 0 Error(s), 0 Warning(s).

<h2>Software Packages used:</h2>

Package Vendor: NXP
                https://mcuxpresso.nxp.com/cmsis_pack/repo/NXP.MIMXRT1064_DFP.25.12.00.pack
                NXP::MIMXRT1064_DFP@25.12.00
                Device Family Pack for MIMXRT1064

<h2>Collection of Component include folders:</h2>
  D:/ASC/KeilMDK5.43a/Arm/Packs/NXP/MIMXRT1064_DFP/25.12.00/devices/MIMXRT1064

<h2>Collection of Component Files used:</h2>
Build Time Elapsed:  00:00:01
</pre>
</body>
</html>
